src/pages/ListView.tsx(1,29): error TS6133: 'useRef' is declared but its value is never read.
src/pages/ListView.tsx(1,37): error TS6133: 'useEffect' is declared but its value is never read.
src/pages/ListView.tsx(2,37): error TS6133: 'Check' is declared but its value is never read.
src/pages/ListView.tsx(2,44): error TS6133: 'ChevronDown' is declared but its value is never read.
src/pages/ListView.tsx(8,7): error TS6133: 'ASSIGNEES' is declared but its value is never read.
